2024-09-13 15:56:42,873 - INFO - Testing custom logger
2024-09-13 15:57:49,343 - INFO -__main__ - Testing custom logger
